Added Component: Designator=C4(C0603)
Add component (AddParameter): Name = "Manufacturer"; Value = "Yageo"; VariantName = "[No Variations]"
Add component (AddParameter): Name = "Name"; Value = "CC0603JPX7R9BB104"; VariantName = "[No Variations]"
Add component (AddParameter): Name = "TKE"; Value = "X7R"; VariantName = "[No Variations]"
Add component (AddParameter): Name = "Value"; Value = "0,1мк"; VariantName = "[No Variations]"
Add component (AddParameter): Name = "Voltage"; Value = "50В"; VariantName = "[No Variations]"
Added Component: Designator=C5(C0603)
Add component (AddParameter): Name = "Manufacturer"; Value = "Yageo"; VariantName = "[No Variations]"
Add component (AddParameter): Name = "Name"; Value = "CC0603JPX7R9BB104"; VariantName = "[No Variations]"
Add component (AddParameter): Name = "TKE"; Value = "X7R"; VariantName = "[No Variations]"
Add component (AddParameter): Name = "Value"; Value = "0,1мк"; VariantName = "[No Variations]"
Add component (AddParameter): Name = "Voltage"; Value = "50В"; VariantName = "[No Variations]"
Added Component: Designator=C6(C0603)
Add component (AddParameter): Name = "Manufacturer"; Value = "Yageo"; VariantName = "[No Variations]"
Add component (AddParameter): Name = "Name"; Value = "CC0603JPX7R9BB104"; VariantName = "[No Variations]"
Add component (AddParameter): Name = "TKE"; Value = "X7R"; VariantName = "[No Variations]"
Add component (AddParameter): Name = "Value"; Value = "0,1мк"; VariantName = "[No Variations]"
Add component (AddParameter): Name = "Voltage"; Value = "50В"; VariantName = "[No Variations]"
Added Component: Designator=C7(C0603)
Add component (AddParameter): Name = "Manufacturer"; Value = "Yageo"; VariantName = "[No Variations]"
Add component (AddParameter): Name = "Name"; Value = "CC0603JRX7R9BB223"; VariantName = "[No Variations]"
Add component (AddParameter): Name = "TKE"; Value = "X7R"; VariantName = "[No Variations]"
Add component (AddParameter): Name = "Value"; Value = "0,022мк"; VariantName = "[No Variations]"
Add component (AddParameter): Name = "Voltage"; Value = "50В"; VariantName = "[No Variations]"
Added Component: Designator=C8(C0603)
Add component (AddParameter): Name = "Manufacturer"; Value = "Yageo"; VariantName = "[No Variations]"
Add component (AddParameter): Name = "Name"; Value = "CC0603JRX7R9BB223"; VariantName = "[No Variations]"
Add component (AddParameter): Name = "TKE"; Value = "X7R"; VariantName = "[No Variations]"
Add component (AddParameter): Name = "Value"; Value = "0,022мк"; VariantName = "[No Variations]"
Add component (AddParameter): Name = "Voltage"; Value = "50В"; VariantName = "[No Variations]"
Added Component: Designator=C9(C0603)
Add component (AddParameter): Name = "Manufacturer"; Value = "Yageo"; VariantName = "[No Variations]"
Add component (AddParameter): Name = "Name"; Value = "CC0603JRX7R9BB223"; VariantName = "[No Variations]"
Add component (AddParameter): Name = "TKE"; Value = "X7R"; VariantName = "[No Variations]"
Add component (AddParameter): Name = "Value"; Value = "0,022мк"; VariantName = "[No Variations]"
Add component (AddParameter): Name = "Voltage"; Value = "50В"; VariantName = "[No Variations]"
Added Component: Designator=C10(C0603)
Add component (AddParameter): Name = "Manufacturer"; Value = "Yageo"; VariantName = "[No Variations]"
Add component (AddParameter): Name = "Name"; Value = "CC0603JPX7R9BB104"; VariantName = "[No Variations]"
Add component (AddParameter): Name = "TKE"; Value = "X7R"; VariantName = "[No Variations]"
Add component (AddParameter): Name = "Value"; Value = "0,1мк"; VariantName = "[No Variations]"
Added Component: Designator=C11(C0603)
Add component (AddParameter): Name = "Manufacturer"; Value = "Yageo"; VariantName = "[No Variations]"
Add component (AddParameter): Name = "Name"; Value = "CC0603JPX7R9BB104"; VariantName = "[No Variations]"
Add component (AddParameter): Name = "TKE"; Value = "X7R"; VariantName = "[No Variations]"
Add component (AddParameter): Name = "Value"; Value = "0,1мк"; VariantName = "[No Variations]"
Added Component: Designator=C12(C0603)
Add component (AddParameter): Name = "Manufacturer"; Value = "Yageo"; VariantName = "[No Variations]"
Add component (AddParameter): Name = "Name"; Value = "CC0603JPX7R9BB104"; VariantName = "[No Variations]"
Add component (AddParameter): Name = "TKE"; Value = "X7R"; VariantName = "[No Variations]"
Add component (AddParameter): Name = "Value"; Value = "0,1мк"; VariantName = "[No Variations]"
Added Component: Designator=C13(CAPALUM_8x11.5_V)
Add component (AddParameter): Name = "ESR"; Value = "0,6Ом"; VariantName = "[No Variations]"
Add component (AddParameter): Name = "Manufacturer"; Value = "EPCOS"; VariantName = "[No Variations]"
Add component (AddParameter): Name = "Name"; Value = "B41858C6107"; VariantName = "[No Variations]"
Add component (AddParameter): Name = "Value"; Value = "100мк"; VariantName = "[No Variations]"
Add component (AddParameter): Name = "Voltage"; Value = "50В"; VariantName = "[No Variations]"
Added Component: Designator=C14(CAPALUM_8x11.5_V)
Add component (AddParameter): Name = "ESR"; Value = "0,6Ом"; VariantName = "[No Variations]"
Add component (AddParameter): Name = "Manufacturer"; Value = "EPCOS"; VariantName = "[No Variations]"
Add component (AddParameter): Name = "Name"; Value = "B41858C6107"; VariantName = "[No Variations]"
Add component (AddParameter): Name = "Value"; Value = "100мк"; VariantName = "[No Variations]"
Add component (AddParameter): Name = "Voltage"; Value = "50В"; VariantName = "[No Variations]"
Added Component: Designator=C15(CAPALUM_8x11.5_V)
Add component (AddParameter): Name = "ESR"; Value = "0,6Ом"; VariantName = "[No Variations]"
Add component (AddParameter): Name = "Manufacturer"; Value = "EPCOS"; VariantName = "[No Variations]"
Add component (AddParameter): Name = "Name"; Value = "B41858C6107"; VariantName = "[No Variations]"
Add component (AddParameter): Name = "Value"; Value = "100мк"; VariantName = "[No Variations]"
Add component (AddParameter): Name = "Voltage"; Value = "50В"; VariantName = "[No Variations]"
Added Component: Designator=C16(C0603)
Add component (AddParameter): Name = "Manufacturer"; Value = "Yageo"; VariantName = "[No Variations]"
Add component (AddParameter): Name = "Name"; Value = "CC0603JPX7R9BB104"; VariantName = "[No Variations]"
Add component (AddParameter): Name = "TKE"; Value = "X7R"; VariantName = "[No Variations]"
Add component (AddParameter): Name = "Value"; Value = "0,1мк"; VariantName = "[No Variations]"
Add component (AddParameter): Name = "Voltage"; Value = "50В"; VariantName = "[No Variations]"
Added Component: Designator=C17(C0603)
Add component (AddParameter): Name = "Manufacturer"; Value = "Yageo"; VariantName = "[No Variations]"
Add component (AddParameter): Name = "Name"; Value = "CC0603JPX7R9BB104"; VariantName = "[No Variations]"
Add component (AddParameter): Name = "TKE"; Value = "X7R"; VariantName = "[No Variations]"
Add component (AddParameter): Name = "Value"; Value = "0,1мк"; VariantName = "[No Variations]"
Add component (AddParameter): Name = "Voltage"; Value = "50В"; VariantName = "[No Variations]"
Added Component: Designator=C18(C0603)
Add component (AddParameter): Name = "Manufacturer"; Value = "Yageo"; VariantName = "[No Variations]"
Add component (AddParameter): Name = "Name"; Value = "CC0603JPX7R9BB104"; VariantName = "[No Variations]"
Add component (AddParameter): Name = "TKE"; Value = "X7R"; VariantName = "[No Variations]"
Add component (AddParameter): Name = "Value"; Value = "0,1мк"; VariantName = "[No Variations]"
Add component (AddParameter): Name = "Voltage"; Value = "50В"; VariantName = "[No Variations]"
Added Component: Designator=DD1(SO-8PP)
Add component (AddParameter): Name = "Manufacturer"; Value = "Texas Instruments"; VariantName = "[No Variations]"
Add component (AddParameter): Name = "Name"; Value = "LMR14050"; VariantName = "[No Variations]"
Added Component: Designator=DD2(SO-8PP)
Add component (AddParameter): Name = "Manufacturer"; Value = "Texas Instruments"; VariantName = "[No Variations]"
Add component (AddParameter): Name = "Name"; Value = "LMR14050"; VariantName = "[No Variations]"
Added Component: Designator=DD3(SO-8PP)
Add component (AddParameter): Name = "Manufacturer"; Value = "Texas Instruments"; VariantName = "[No Variations]"
Add component (AddParameter): Name = "Name"; Value = "LMR14050"; VariantName = "[No Variations]"
Added Component: Designator=FU1(FU2410)
Add component (AddParameter): Name = "Value"; Value = "15А"; VariantName = "[No Variations]"
Added Component: Designator=L1(6530)
Add component (AddParameter): Name = "I saturation"; Value = "3,2"; VariantName = "[No Variations]"
Add component (AddParameter): Name = "R"; Value = "0,050"; VariantName = "[No Variations]"
Add component (AddParameter): Name = "Value"; Value = "3,3мк"; VariantName = "[No Variations]"
Added Component: Designator=L2(5050)
Add component (AddParameter): Name = "I saturation"; Value = "3,2"; VariantName = "[No Variations]"
Add component (AddParameter): Name = "R"; Value = "0,050"; VariantName = "[No Variations]"
Add component (AddParameter): Name = "Value"; Value = "2,2мк"; VariantName = "[No Variations]"
Added Component: Designator=L3(CDRH124)
Add component (AddParameter): Name = "I saturation"; Value = "5,7А"; VariantName = "[No Variations]"
Add component (AddParameter): Name = "Name"; Value = "CDRH124NP-4R7MC"; VariantName = "[No Variations]"
Add component (AddParameter): Name = "R"; Value = "0,014"; VariantName = "[No Variations]"
Add component (AddParameter): Name = "Value"; Value = "4,7мк"; VariantName = "[No Variations]"
Added Component: Designator=R1(R0603)
Add component (AddParameter): Name = "Manufacturer"; Value = "YAGEO"; VariantName = "[No Variations]"
Add component (AddParameter): Name = "Name"; Value = "RC0603FR-0747KL"; VariantName = "[No Variations]"
Add component (AddParameter): Name = "Tolerance"; Value = "1%"; VariantName = "[No Variations]"
Add component (AddParameter): Name = "Value"; Value = "47к"; VariantName = "[No Variations]"
Added Component: Designator=R2(R0603)
Add component (AddParameter): Name = "Manufacturer"; Value = "YAGEO"; VariantName = "[No Variations]"
Add component (AddParameter): Name = "Name"; Value = "RC0603FR-0710KL"; VariantName = "[No Variations]"
Add component (AddParameter): Name = "Tolerance"; Value = "1%"; VariantName = "[No Variations]"
Add component (AddParameter): Name = "Value"; Value = "10к"; VariantName = "[No Variations]"
Added Component: Designator=R3(R0603)
Add component (AddParameter): Name = "Manufacturer"; Value = "YAGEO"; VariantName = "[No Variations]"
Add component (AddParameter): Name = "Name"; Value = "RC0603FR-0710KL"; VariantName = "[No Variations]"
Add component (AddParameter): Name = "Tolerance"; Value = "1%"; VariantName = "[No Variations]"
Add component (AddParameter): Name = "Value"; Value = "10к"; VariantName = "[No Variations]"
Added Component: Designator=R4(R0603)
Add component (AddParameter): Name = "Value"; Value = "2,4к"; VariantName = "[No Variations]"
Added Component: Designator=R5(R0603)
Add component (AddParameter): Name = "Value"; Value = "23,7к"; VariantName = "[No Variations]"
Added Component: Designator=R6(R0603)
Add component (AddParameter): Name = "Value"; Value = "23,7к"; VariantName = "[No Variations]"
Added Component: Designator=R7(R0603)
Add component (AddParameter): Name = "Value"; Value = "23,7к"; VariantName = "[No Variations]"
Added Component: Designator=R8(R0603)
Add component (AddParameter): Name = "Manufacturer"; Value = "YAGEO"; VariantName = "[No Variations]"
Add component (AddParameter): Name = "Name"; Value = "RC0603FR-07100KL"; VariantName = "[No Variations]"
Add component (AddParameter): Name = "Tolerance"; Value = "1%"; VariantName = "[No Variations]"
Add component (AddParameter): Name = "Value"; Value = "100к"; VariantName = "[No Variations]"
Added Component: Designator=R9(R0603)
Add component (AddParameter): Name = "Value"; Value = "29,4к"; VariantName = "[No Variations]"
Added Component: Designator=R10(R0603)
Add component (AddParameter): Name = "Manufacturer"; Value = "YAGEO"; VariantName = "[No Variations]"
Add component (AddParameter): Name = "Name"; Value = "RC0603FR-07100KL"; VariantName = "[No Variations]"
Add component (AddParameter): Name = "Tolerance"; Value = "1%"; VariantName = "[No Variations]"
Add component (AddParameter): Name = "Value"; Value = "100к"; VariantName = "[No Variations]"
Added Component: Designator=R11(R0603)
Add component (AddParameter): Name = "Value"; Value = "17.8к"; VariantName = "[No Variations]"
Added Component: Designator=R12(R0603)
Add component (AddParameter): Name = "Manufacturer"; Value = "YAGEO"; VariantName = "[No Variations]"
Add component (AddParameter): Name = "Name"; Value = "RC0603FR-07100KL"; VariantName = "[No Variations]"
Add component (AddParameter): Name = "Tolerance"; Value = "1%"; VariantName = "[No Variations]"
Add component (AddParameter): Name = "Value"; Value = "100к"; VariantName = "[No Variations]"
Added Component: Designator=R13(R0603)
Add component (AddParameter): Name = "Value"; Value = "17.8к"; VariantName = "[No Variations]"
Added Component: Designator=VD1(SOD323)
Add component (AddParameter): Name = "current"; Value = "1A"; VariantName = "[No Variations]"
Add component (AddParameter): Name = "drop voltage"; Value = "0,45В"; VariantName = "[No Variations]"
Add component (AddParameter): Name = "Name"; Value = "1N5817WS"; VariantName = "[No Variations]"
Add component (AddParameter): Name = "voltage"; Value = "20В"; VariantName = "[No Variations]"
Add component (AddParameter): Name = "Производитель"; Value = "Hottech Co. Ltd"; VariantName = "[No Variations]"
Added Component: Designator=VD2(SOD323)
Add component (AddParameter): Name = "current"; Value = "1A"; VariantName = "[No Variations]"
Add component (AddParameter): Name = "drop voltage"; Value = "0,45В"; VariantName = "[No Variations]"
Add component (AddParameter): Name = "Name"; Value = "1N5817WS"; VariantName = "[No Variations]"
Add component (AddParameter): Name = "voltage"; Value = "20В"; VariantName = "[No Variations]"
Add component (AddParameter): Name = "Производитель"; Value = "Hottech Co. Ltd"; VariantName = "[No Variations]"
Added Component: Designator=VD3(SOD323)
Add component (AddParameter): Name = "current"; Value = "1A"; VariantName = "[No Variations]"
Add component (AddParameter): Name = "drop voltage"; Value = "0,45В"; VariantName = "[No Variations]"
Add component (AddParameter): Name = "Name"; Value = "1N5817WS"; VariantName = "[No Variations]"
Add component (AddParameter): Name = "voltage"; Value = "20В"; VariantName = "[No Variations]"
Add component (AddParameter): Name = "Производитель"; Value = "Hottech Co. Ltd"; VariantName = "[No Variations]"
Added Component: Designator=VD4(SOD323)
Add component (AddParameter): Name = "current"; Value = "1A"; VariantName = "[No Variations]"
Add component (AddParameter): Name = "drop voltage"; Value = "0,45В"; VariantName = "[No Variations]"
Add component (AddParameter): Name = "Name"; Value = "1N5817WS"; VariantName = "[No Variations]"
Add component (AddParameter): Name = "voltage"; Value = "20В"; VariantName = "[No Variations]"
Add component (AddParameter): Name = "Производитель"; Value = "Hottech Co. Ltd"; VariantName = "[No Variations]"
Added Component: Designator=VD5(TO-277A)
Add component (AddParameter): Name = "Manufacturer"; Value = "Vishay"; VariantName = "[No Variations]"
Add component (AddParameter): Name = "Name"; Value = "SS10PH10-M3"; VariantName = "[No Variations]"
Added Component: Designator=VD6(TO-277A)
Add component (AddParameter): Name = "Manufacturer"; Value = "Vishay"; VariantName = "[No Variations]"
Add component (AddParameter): Name = "Name"; Value = "SS10PH10-M3"; VariantName = "[No Variations]"
Added Component: Designator=VD7(SOD128)
Add component (AddParameter): Name = "Manufacturer"; Value = "NXP"; VariantName = "[No Variations]"
Add component (AddParameter): Name = "Name"; Value = "PMEG3050BEP"; VariantName = "[No Variations]"
Added Component: Designator=VT1(D-PAK)
Add component (AddParameter): Name = "Name"; Value = "IRFR5305TRPBF"; VariantName = "[No Variations]"
Added Component: Designator=VT2(SOT23-3)
Add component (AddParameter): Name = "Наименование"; Value = "IRLML6344TRPbF"; VariantName = "[No Variations]"
Added Component: Designator=X1(Blade 4+1P M)
Add component (AddParameter): Name = "Contact_1"; Value = "PACK+"; VariantName = "[No Variations]"
Add component (AddParameter): Name = "Contact_2"; Value = "PACK+"; VariantName = "[No Variations]"
Add component (AddParameter): Name = "Contact_3"; Value = "PACK-"; VariantName = "[No Variations]"
Add component (AddParameter): Name = "Contact_4"; Value = "PACK-"; VariantName = "[No Variations]"
Add component (AddParameter): Name = "Contact_5"; Value = "Contact_5"; VariantName = "[No Variations]"
Add component (AddParameter): Name = "Наименование"; Value = "Blade 4+1pin"; VariantName = "[No Variations]"
Added Component: Designator=X2(Molex-0022057045)
Add component (AddParameter): Name = "Contact_1"; Value = "TX"; VariantName = "[No Variations]"
Add component (AddParameter): Name = "Contact_2"; Value = "RX"; VariantName = "[No Variations]"
Add component (AddParameter): Name = "Contact_3"; Value = "GND"; VariantName = "[No Variations]"
Add component (AddParameter): Name = "Contact_4"; Value = "VCC"; VariantName = "[No Variations]"
Add component (AddParameter): Name = "Наименование"; Value = "Molex-0022057045"; VariantName = "[No Variations]"
Added Component: Designator=X3(Molex-0022057045)
Add component (AddParameter): Name = "Contact_1"; Value = "TX"; VariantName = "[No Variations]"
Add component (AddParameter): Name = "Contact_2"; Value = "RX"; VariantName = "[No Variations]"
Add component (AddParameter): Name = "Contact_3"; Value = "GND"; VariantName = "[No Variations]"
Add component (AddParameter): Name = "Contact_4"; Value = "VCC"; VariantName = "[No Variations]"
Add component (AddParameter): Name = "Наименование"; Value = "Molex-0022057045"; VariantName = "[No Variations]"
Added Component: Designator=X4(Molex-0022057045)
Add component (AddParameter): Name = "Contact_1"; Value = "TX"; VariantName = "[No Variations]"
Add component (AddParameter): Name = "Contact_2"; Value = "RX"; VariantName = "[No Variations]"
Add component (AddParameter): Name = "Contact_3"; Value = "GND"; VariantName = "[No Variations]"
Add component (AddParameter): Name = "Contact_4"; Value = "VCC"; VariantName = "[No Variations]"
Add component (AddParameter): Name = "Наименование"; Value = "Molex-0022057045"; VariantName = "[No Variations]"
Added Component: Designator=X5(Molex-0022057045)
Add component (AddParameter): Name = "Contact_1"; Value = "TX"; VariantName = "[No Variations]"
Add component (AddParameter): Name = "Contact_2"; Value = "RX"; VariantName = "[No Variations]"
Add component (AddParameter): Name = "Contact_3"; Value = "GND"; VariantName = "[No Variations]"
Add component (AddParameter): Name = "Contact_4"; Value = "VCC"; VariantName = "[No Variations]"
Add component (AddParameter): Name = "Наименование"; Value = "Molex-0022057045"; VariantName = "[No Variations]"
Added Component: Designator=X6(IDC1.27_10)
Add component (AddParameter): Name = "Contact_1"; Value = "+3,3В"; VariantName = "[No Variations]"
Add component (AddParameter): Name = "Contact_2"; Value = "+5В"; VariantName = "[No Variations]"
Add component (AddParameter): Name = "Contact_3"; Value = "+5В_RPI"; VariantName = "[No Variations]"
Add component (AddParameter): Name = "Contact_4"; Value = "+5В_RPI"; VariantName = "[No Variations]"
Add component (AddParameter): Name = "Contact_5"; Value = "GND"; VariantName = "[No Variations]"
Add component (AddParameter): Name = "Contact_6"; Value = "GND"; VariantName = "[No Variations]"
Add component (AddParameter): Name = "Contact_7"; Value = "BTN_PWR"; VariantName = "[No Variations]"
Add component (AddParameter): Name = "Contact_8"; Value = "MOTORS_TX"; VariantName = "[No Variations]"
Add component (AddParameter): Name = "Contact_9"; Value = "MOTORS_RX"; VariantName = "[No Variations]"
Add component (AddParameter): Name = "Contact_10"; Value = "BAT_MEAS"; VariantName = "[No Variations]"
Add component (AddParameter): Name = "Наименование"; Value = "IDC_10"; VariantName = "[No Variations]"
Added Pin To Net: NetName=+3,3В Pin=C13-1
Added Pin To Net: NetName=+3,3В Pin=C16-2
Added Pin To Net: NetName=+3,3В Pin=L1-2
Added Pin To Net: NetName=+3,3В Pin=R8-2
Added Pin To Net: NetName=+3,3В Pin=X6-1
Added Net: Name=+3,3В
Added Pin To Net: NetName=+4S Pin=C5-2
Added Pin To Net: NetName=+4S Pin=C6-2
Added Pin To Net: NetName=+4S Pin=DD2-2
Added Pin To Net: NetName=+4S Pin=DD3-2
Added Pin To Net: NetName=+4S Pin=R3-2
Added Pin To Net: NetName=+4S Pin=VT1-3
Added Pin To Net: NetName=+4S Pin=VT2-1
Added Pin To Net: NetName=+4S Pin=X2-1
Added Pin To Net: NetName=+4S Pin=X3-1
Added Pin To Net: NetName=+4S Pin=X4-1
Added Pin To Net: NetName=+4S Pin=X5-1
Added Net: Name=+4S
Added Pin To Net: NetName=+5В Pin=C4-2
Added Pin To Net: NetName=+5В Pin=C14-1
Added Pin To Net: NetName=+5В Pin=C17-2
Added Pin To Net: NetName=+5В Pin=DD1-2
Added Pin To Net: NetName=+5В Pin=R10-2
Added Pin To Net: NetName=+5В Pin=X6-2
Added Net: Name=+5В
Added Pin To Net: NetName=+5В_RPI Pin=C15-1
Added Pin To Net: NetName=+5В_RPI Pin=C18-2
Added Pin To Net: NetName=+5В_RPI Pin=L3-2
Added Pin To Net: NetName=+5В_RPI Pin=R12-2
Added Pin To Net: NetName=+5В_RPI Pin=X6-3
Added Pin To Net: NetName=+5В_RPI Pin=X6-4
Added Net: Name=+5В_RPI
Added Pin To Net: NetName=GND Pin=C4-1
Added Pin To Net: NetName=GND Pin=C5-1
Added Pin To Net: NetName=GND Pin=C6-1
Added Pin To Net: NetName=GND Pin=C7-1
Added Pin To Net: NetName=GND Pin=C8-1
Added Pin To Net: NetName=GND Pin=C9-1
Added Pin To Net: NetName=GND Pin=C13-2
Added Pin To Net: NetName=GND Pin=C14-2
Added Pin To Net: NetName=GND Pin=C15-2
Added Pin To Net: NetName=GND Pin=C16-1
Added Pin To Net: NetName=GND Pin=C17-1
Added Pin To Net: NetName=GND Pin=C18-1
Added Pin To Net: NetName=GND Pin=R4-1
Added Pin To Net: NetName=GND Pin=R5-1
Added Pin To Net: NetName=GND Pin=R6-1
Added Pin To Net: NetName=GND Pin=R7-1
Added Pin To Net: NetName=GND Pin=R9-1
Added Pin To Net: NetName=GND Pin=R11-1
Added Pin To Net: NetName=GND Pin=R13-1
Added Pin To Net: NetName=GND Pin=VD5-2
Added Pin To Net: NetName=GND Pin=VD6-2
Added Pin To Net: NetName=GND Pin=VD7-2
Added Pin To Net: NetName=GND Pin=VT2-3
Added Pin To Net: NetName=GND Pin=X1-3
Added Pin To Net: NetName=GND Pin=X1-4
Added Pin To Net: NetName=GND Pin=X2-2
Added Pin To Net: NetName=GND Pin=X3-2
Added Pin To Net: NetName=GND Pin=X4-2
Added Pin To Net: NetName=GND Pin=X5-2
Added Pin To Net: NetName=GND Pin=X6-5
Added Pin To Net: NetName=GND Pin=X6-6
Added Net: Name=GND
Added Pin To Net: NetName=NetC7_2 Pin=C7-2
Added Pin To Net: NetName=NetC7_2 Pin=DD1-6
Added Net: Name=NetC7_2
Added Pin To Net: NetName=NetC8_2 Pin=C8-2
Added Pin To Net: NetName=NetC8_2 Pin=DD2-6
Added Net: Name=NetC8_2
Added Pin To Net: NetName=NetC9_2 Pin=C9-2
Added Pin To Net: NetName=NetC9_2 Pin=DD3-6
Added Net: Name=NetC9_2
Added Pin To Net: NetName=NetC10_1 Pin=C10-1
Added Pin To Net: NetName=NetC10_1 Pin=DD1-8
Added Pin To Net: NetName=NetC10_1 Pin=L1-1
Added Pin To Net: NetName=NetC10_1 Pin=VD5-1
Added Net: Name=NetC10_1
Added Pin To Net: NetName=NetC10_2 Pin=C10-2
Added Pin To Net: NetName=NetC10_2 Pin=DD1-1
Added Net: Name=NetC10_2
Added Pin To Net: NetName=NetC11_1 Pin=C11-1
Added Pin To Net: NetName=NetC11_1 Pin=DD2-8
Added Pin To Net: NetName=NetC11_1 Pin=L2-1
Added Pin To Net: NetName=NetC11_1 Pin=L2-1
Added Pin To Net: NetName=NetC11_1 Pin=VD6-1
Added Net: Name=NetC11_1
Added Pin To Net: NetName=NetC11_2 Pin=C11-2
Added Pin To Net: NetName=NetC11_2 Pin=DD2-1
Added Net: Name=NetC11_2
Added Pin To Net: NetName=NetC12_1 Pin=C12-1
Added Pin To Net: NetName=NetC12_1 Pin=DD3-8
Added Pin To Net: NetName=NetC12_1 Pin=VD7-1
Added Net: Name=NetC12_1
Added Pin To Net: NetName=NetC12_2 Pin=C12-2
Added Pin To Net: NetName=NetC12_2 Pin=DD3-1
Added Net: Name=NetC12_2
Added Pin To Net: NetName=NetDD1_4 Pin=DD1-4
Added Pin To Net: NetName=NetDD1_4 Pin=R5-2
Added Net: Name=NetDD1_4
Added Pin To Net: NetName=NetDD1_5 Pin=DD1-5
Added Pin To Net: NetName=NetDD1_5 Pin=R8-1
Added Pin To Net: NetName=NetDD1_5 Pin=R9-2
Added Net: Name=NetDD1_5
Added Pin To Net: NetName=NetDD2_4 Pin=DD2-4
Added Pin To Net: NetName=NetDD2_4 Pin=R6-2
Added Net: Name=NetDD2_4
Added Pin To Net: NetName=NetDD2_5 Pin=DD2-5
Added Pin To Net: NetName=NetDD2_5 Pin=R10-1
Added Pin To Net: NetName=NetDD2_5 Pin=R11-2
Added Net: Name=NetDD2_5
Added Pin To Net: NetName=NetDD3_4 Pin=DD3-4
Added Pin To Net: NetName=NetDD3_4 Pin=R7-2
Added Net: Name=NetDD3_4
Added Pin To Net: NetName=NetDD3_5 Pin=DD3-5
Added Pin To Net: NetName=NetDD3_5 Pin=R12-1
Added Pin To Net: NetName=NetDD3_5 Pin=R13-2
Added Net: Name=NetDD3_5
Added Pin To Net: NetName=NetFU1_1 Pin=FU1-1
Added Pin To Net: NetName=NetFU1_1 Pin=X1-1
Added Pin To Net: NetName=NetFU1_1 Pin=X1-2
Added Net: Name=NetFU1_1
Added Pin To Net: NetName=NetFU1_2 Pin=FU1-2
Added Pin To Net: NetName=NetFU1_2 Pin=R1-1
Added Pin To Net: NetName=NetFU1_2 Pin=VT1-2
Added Net: Name=NetFU1_2
Added Pin To Net: NetName=NetR1_2 Pin=R1-2
Added Pin To Net: NetName=NetR1_2 Pin=R2-2
Added Pin To Net: NetName=NetR1_2 Pin=VT1-1
Added Pin To Net: NetName=NetR1_2 Pin=X6-7
Added Net: Name=NetR1_2
Added Pin To Net: NetName=NetR2_1 Pin=R2-1
Added Pin To Net: NetName=NetR2_1 Pin=VT2-2
Added Net: Name=NetR2_1
Added Pin To Net: NetName=NetR3_1 Pin=R3-1
Added Pin To Net: NetName=NetR3_1 Pin=R4-2
Added Pin To Net: NetName=NetR3_1 Pin=X6-7
Added Net: Name=NetR3_1
Added Pin To Net: NetName=NetVD1_1 Pin=VD1-1
Added Pin To Net: NetName=NetVD1_1 Pin=VD2-1
Added Pin To Net: NetName=NetVD1_1 Pin=VD3-1
Added Pin To Net: NetName=NetVD1_1 Pin=VD4-1
Added Pin To Net: NetName=NetVD1_1 Pin=X6-7
Added Net: Name=NetVD1_1
Added Pin To Net: NetName=NetVD1_2 Pin=VD1-2
Added Pin To Net: NetName=NetVD1_2 Pin=X2-1
Added Net: Name=NetVD1_2
Added Pin To Net: NetName=NetVD2_2 Pin=VD2-2
Added Pin To Net: NetName=NetVD2_2 Pin=X3-1
Added Net: Name=NetVD2_2
Added Pin To Net: NetName=NetVD3_2 Pin=VD3-2
Added Pin To Net: NetName=NetVD3_2 Pin=X4-1
Added Net: Name=NetVD3_2
Added Pin To Net: NetName=NetVD4_2 Pin=VD4-2
Added Pin To Net: NetName=NetVD4_2 Pin=X5-1
Added Net: Name=NetVD4_2
Added Pin To Net: NetName=NetX2_2 Pin=X2-2
Added Pin To Net: NetName=NetX2_2 Pin=X3-2
Added Pin To Net: NetName=NetX2_2 Pin=X4-2
Added Pin To Net: NetName=NetX2_2 Pin=X5-2
Added Pin To Net: NetName=NetX2_2 Pin=X6-7
Added Net: Name=NetX2_2
Added Class: Name=TSE_power_control_board_converters
Added Class: Name=TSE_power_control_board_main
Added Rule: Name=Schematic Supply Nets
Added Rule: Name=Schematic Supply Nets_1
Added Rule: Name=Schematic Supply Nets_2
Added Rule: Name=Schematic Supply Nets_3
Added Rule: Name=Schematic Supply Nets_4
