Removed Pin From Net: NetName=+5Â Pin=C2-2
Removed Pin From Net: NetName=+5Â Pin=C5-2
Removed Pin From Net: NetName=+5Â Pin=DD1-2
Removed Pin From Net: NetName=NetC11_1 Pin=VD5-1
Removed Pin From Net: NetName=NetC12_1 Pin=VD6-1
Removed Pin From Net: NetName=+5Â Pin=X6-2
Removed Pin From Net: NetName=+5Â_RPI Pin=X6-3
Removed Pin From Net: NetName=+5Â_RPI Pin=X6-4
Removed Pin From Net: NetName=+5Â_RPI Pin=X6-5
Change Component Designator: OldDesignator=C3 NewDesignator=C4
Change Component Designator: OldDesignator=C4 NewDesignator=C3
Change Component Designator: OldDesignator=C6 NewDesignator=C7
Change Component Designator: OldDesignator=C7 NewDesignator=C6
Change Component Designator: OldDesignator=C9 NewDesignator=C10
Change Component Designator: OldDesignator=C10 NewDesignator=C9
Change Component Designator: OldDesignator=C12 NewDesignator=C13
Change Component Designator: OldDesignator=C13 NewDesignator=C12
Change Component Designator: OldDesignator=C15 NewDesignator=C16
Change Component Designator: OldDesignator=C16 NewDesignator=C15
Change Component Designator: OldDesignator=C18 NewDesignator=C19
Change Component Designator: OldDesignator=C19 NewDesignator=C18
Change Component Designator: OldDesignator=DD2 NewDesignator=DD3
Change Component Designator: OldDesignator=DD3 NewDesignator=DD2
Change Component Designator: OldDesignator=L2 NewDesignator=L3
Change Component Designator: OldDesignator=L3 NewDesignator=L2
Change Component Designator: OldDesignator=R7 NewDesignator=R8
Change Component Designator: OldDesignator=R8 NewDesignator=R7
Change Component Designator: OldDesignator=R11 NewDesignator=R13
Change Component Designator: OldDesignator=R12 NewDesignator=R14
Change Component Designator: OldDesignator=R13 NewDesignator=R11
Change Component Designator: OldDesignator=R14 NewDesignator=R12
Change Component Designator: OldDesignator=VD5 NewDesignator=VD6
Change Component Designator: OldDesignator=VD6 NewDesignator=VD7
Change Component Designator: OldDesignator=VD7 NewDesignator=VD5
Added Component: Designator=TP1(TP_0,6X1)
Add component (AddParameter): Name = "Name"; Value = "+3,3Â"; VariantName = "[No Variations]"
Added Component: Designator=TP2(TP_0,6X1)
Add component (AddParameter): Name = "Name"; Value = "+5Â_RPI"; VariantName = "[No Variations]"
Added Component: Designator=TP3(TP_0,6X1)
Add component (AddParameter): Name = "Name"; Value = "+5Â"; VariantName = "[No Variations]"
Added Component: Designator=TP4(TP_0,6X1)
Add component (AddParameter): Name = "Name"; Value = "GND"; VariantName = "[No Variations]"
Added Pin To Net: NetName=+5Â_RPI Pin=C2-2
Added Pin To Net: NetName=+5Â_RPI Pin=C5-2
Added Pin To Net: NetName=+5Â_RPI Pin=DD1-2
Added Pin To Net: NetName=+3,3Â Pin=TP1-1
Added Pin To Net: NetName=+5Â_RPI Pin=TP2-1
Added Pin To Net: NetName=+5Â Pin=TP3-1
Added Pin To Net: NetName=GND Pin=TP4-1
Added Pin To Net: NetName=GND Pin=VD6-1
Added Pin To Net: NetName=NetC11_1 Pin=VD6-3
Added Pin To Net: NetName=GND Pin=VD7-1
Added Pin To Net: NetName=NetC12_1 Pin=VD7-3
Added Pin To Net: NetName=+5Â_RPI Pin=X6-2
Added Pin To Net: NetName=+5Â Pin=X6-3
Added Pin To Net: NetName=+5Â Pin=X6-4
Added Pin To Net: NetName=+5Â Pin=X6-5
Change Net Name : Old Net Name=+5Â New Net Name=+5Â_RPI
Change Net Name : Old Net Name=+5Â_RPI New Net Name=+5Â
Change Net Name : Old Net Name=NetC9_2 New Net Name=NetC10_2
Change Net Name : Old Net Name=NetC10_2 New Net Name=NetC9_2
Change Net Name : Old Net Name=NetC12_1 New Net Name=NetC13_1
Change Net Name : Old Net Name=NetC12_2 New Net Name=NetC13_2
Change Net Name : Old Net Name=NetC13_1 New Net Name=NetC12_1
Change Net Name : Old Net Name=NetC13_2 New Net Name=NetC12_2
Change Net Name : Old Net Name=NetDD2_4 New Net Name=NetDD3_4
Change Net Name : Old Net Name=NetDD2_5 New Net Name=NetDD3_5
Change Net Name : Old Net Name=NetDD3_4 New Net Name=NetDD2_4
Change Net Name : Old Net Name=NetDD3_5 New Net Name=NetDD2_5
Added Member To Class: ClassName=TSE_power_control_board_converters Member=Component TP1 +3,3Â
Added Member To Class: ClassName=TSE_power_control_board_converters Member=Component TP2 +5Â_RPI
Added Member To Class: ClassName=TSE_power_control_board_converters Member=Component TP3 +5Â
Added Member To Class: ClassName=TSE_power_control_board_converters Member=Component TP4 GND
