Added Component: Designator=A1(PLS_40)
Add component (AddParameter): Name = "Наименование"; Value = "Raspberry Pi 5"; VariantName = "[No Variations]"
Added Pin To Net: NetName=+5В_RPI Pin=A1-2
Added Pin To Net: NetName=GND Pin=A1-6
Added Pin To Net: NetName=RPI_DSP_CS Pin=A1-8
Added Pin To Net: NetName=RPI_DSP_DS Pin=A1-10
Added Pin To Net: NetName=RPI_LATCH_SIGNAL Pin=A1-11
Added Pin To Net: NetName=RPI_ENC_A Pin=A1-12
Added Pin To Net: NetName=RPI_ENC_BTN Pin=A1-15
Added Pin To Net: NetName=RPI_BTN Pin=A1-16
Added Pin To Net: NetName=MCU_RPI_UART_RX Pin=A1-18
Added Pin To Net: NetName=RPI_LD_PWM Pin=A1-19
Added Pin To Net: NetName=RPI_LD_TX Pin=A1-21
Added Pin To Net: NetName=MCU_RPI_UART_TX Pin=A1-22
Added Pin To Net: NetName=RPI_BAT_MEASURE Pin=A1-23
Added Pin To Net: NetName=RPI_DSP_DIN Pin=A1-32
Added Pin To Net: NetName=RPI_DSP_CLK Pin=A1-33
Added Pin To Net: NetName=RPI_ENC_B Pin=A1-35
Added Pin To Net: NetName=RPI_DSP_RST Pin=A1-36
Add Pin To Net: Unknown Pin: Pin DD1-1
Add Pin To Net: Unknown Pin: Pin DD1-2
Add Pin To Net: Unknown Pin: Pin DD1-3
Add Pin To Net: Unknown Pin: Pin DD1-4
Add Pin To Net: Unknown Pin: Pin DD1-6
Add Pin To Net: Unknown Pin: Pin DD1-7
Add Pin To Net: Unknown Pin: Pin DD1-9
Add Pin To Net: Unknown Pin: Pin DD1-10
Add Pin To Net: Unknown Pin: Pin DD1-11
Add Pin To Net: Unknown Pin: Pin DD1-12
Add Pin To Net: Unknown Pin: Pin DD1-13
Add Pin To Net: Unknown Pin: Pin DD1-14
Add Pin To Net: Unknown Pin: Pin DD1-15
Add Pin To Net: Unknown Pin: Pin DD1-16
Add Pin To Net: Unknown Pin: Pin DD1-17
Add Pin To Net: Unknown Pin: Pin DD1-18
Add Pin To Net: Unknown Pin: Pin DD1-19
Add Pin To Net: Unknown Pin: Pin DD1-21
Add Pin To Net: Unknown Pin: Pin DD1-23
Add Pin To Net: Unknown Pin: Pin DD1-24
Add Pin To Net: Unknown Pin: Pin DD1-25
Add Pin To Net: Unknown Pin: Pin DD1-26
Add Pin To Net: Unknown Pin: Pin DD1-27
Add Pin To Net: Unknown Pin: Pin DD1-28
Add Pin To Net: Unknown Pin: Pin DD1-29
Add Pin To Net: Unknown Pin: Pin DD1-30
Add Pin To Net: Unknown Pin: Pin DD1-31
Add Pin To Net: Unknown Pin: Pin DD1-32
Add Pin To Net: Unknown Pin: Pin DD1-33
Add Pin To Net: Unknown Pin: Pin DD1-34
Add Pin To Net: Unknown Pin: Pin DD1-35
Add Pin To Net: Unknown Pin: Pin DD1-36
Add Pin To Net: Unknown Pin: Pin DD1-37
Add Pin To Net: Unknown Pin: Pin DD1-39
Add Pin To Net: Unknown Pin: Pin DD1-41
Added Member To Class: ClassName=TSE_mother_board_CPU_commutation Member=Component A1 Raspberry Pi 5
