Added Component: Designator=1(PAD_5_8mm)
Added Component: Designator=2(PAD_5_8mm)
Added Component: Designator=C1(C0603)
Add component (AddParameter): Name = "Manufacturer"; Value = "Yageo"; VariantName = "[No Variations]"
Add component (AddParameter): Name = "Name"; Value = "CC0603JPX7R9BB104"; VariantName = "[No Variations]"
Add component (AddParameter): Name = "TKE"; Value = "X7R"; VariantName = "[No Variations]"
Add component (AddParameter): Name = "Value"; Value = "0,1мк"; VariantName = "[No Variations]"
Add component (AddParameter): Name = "Voltage"; Value = "50В"; VariantName = "[No Variations]"
Added Component: Designator=C2(C0603)
Add component (AddParameter): Name = "Manufacturer"; Value = "Yageo"; VariantName = "[No Variations]"
Add component (AddParameter): Name = "Name"; Value = "CC0603JPX7R9BB104"; VariantName = "[No Variations]"
Add component (AddParameter): Name = "TKE"; Value = "X7R"; VariantName = "[No Variations]"
Add component (AddParameter): Name = "Value"; Value = "0,1мк"; VariantName = "[No Variations]"
Add component (AddParameter): Name = "Voltage"; Value = "50В"; VariantName = "[No Variations]"
Added Component: Designator=C3(C0603)
Add component (AddParameter): Name = "Manufacturer"; Value = "Yageo"; VariantName = "[No Variations]"
Add component (AddParameter): Name = "Name"; Value = "CC0603JPX7R9BB104"; VariantName = "[No Variations]"
Add component (AddParameter): Name = "TKE"; Value = "X7R"; VariantName = "[No Variations]"
Add component (AddParameter): Name = "Value"; Value = "0,1мк"; VariantName = "[No Variations]"
Add component (AddParameter): Name = "Voltage"; Value = "50В"; VariantName = "[No Variations]"
Added Component: Designator=C4(CAPTANT_A)
Add component (AddParameter): Name = "ESR"; Value = "3,4 Ом"; VariantName = "[No Variations]"
Add component (AddParameter): Name = "Manufacturer"; Value = "Kemet"; VariantName = "[No Variations]"
Add component (AddParameter): Name = "Name"; Value = "T491A106K010AT"; VariantName = "[No Variations]"
Add component (AddParameter): Name = "Value"; Value = "10мк"; VariantName = "[No Variations]"
Add component (AddParameter): Name = "Voltage"; Value = "10В"; VariantName = "[No Variations]"
Added Component: Designator=C5(CAPTANT_A)
Add component (AddParameter): Name = "ESR"; Value = "3,4 Ом"; VariantName = "[No Variations]"
Add component (AddParameter): Name = "Manufacturer"; Value = "Kemet"; VariantName = "[No Variations]"
Add component (AddParameter): Name = "Name"; Value = "T491A106K010AT"; VariantName = "[No Variations]"
Add component (AddParameter): Name = "Value"; Value = "10мк"; VariantName = "[No Variations]"
Add component (AddParameter): Name = "Voltage"; Value = "10В"; VariantName = "[No Variations]"
Added Component: Designator=DD1(ESP32-S3-WROOM-1)
Add component (AddParameter): Name = "Наименование"; Value = "ESP32-S3-WROOM-1-N8"; VariantName = "[No Variations]"
Added Component: Designator=R1(R0603)
Add component (AddParameter): Name = "Manufacturer"; Value = "YAGEO"; VariantName = "[No Variations]"
Add component (AddParameter): Name = "Name"; Value = "RC0603FR-0710KL"; VariantName = "[No Variations]"
Add component (AddParameter): Name = "Tolerance"; Value = "1%"; VariantName = "[No Variations]"
Add component (AddParameter): Name = "Value"; Value = "10к"; VariantName = "[No Variations]"
Added Component: Designator=R2(R0603)
Add component (AddParameter): Name = "Manufacturer"; Value = "YAGEO"; VariantName = "[No Variations]"
Add component (AddParameter): Name = "Name"; Value = "RC0603FR-0710KL"; VariantName = "[No Variations]"
Add component (AddParameter): Name = "Tolerance"; Value = "1%"; VariantName = "[No Variations]"
Add component (AddParameter): Name = "Value"; Value = "10к"; VariantName = "[No Variations]"
Added Component: Designator=R3(R0603)
Add component (AddParameter): Name = "Manufacturer"; Value = "YAGEO"; VariantName = "[No Variations]"
Add component (AddParameter): Name = "Name"; Value = "RC0603FR-075K1L"; VariantName = "[No Variations]"
Add component (AddParameter): Name = "Tolerance"; Value = "1%"; VariantName = "[No Variations]"
Add component (AddParameter): Name = "Value"; Value = "5,1к"; VariantName = "[No Variations]"
Added Component: Designator=R4(R0603)
Add component (AddParameter): Name = "Manufacturer"; Value = "YAGEO"; VariantName = "[No Variations]"
Add component (AddParameter): Name = "Name"; Value = "RC0603FR-075K1L"; VariantName = "[No Variations]"
Add component (AddParameter): Name = "Tolerance"; Value = "1%"; VariantName = "[No Variations]"
Add component (AddParameter): Name = "Value"; Value = "5,1к"; VariantName = "[No Variations]"
Added Component: Designator=S1(it-1187)
Add component (AddParameter): Name = "Name"; Value = "IT-1187"; VariantName = "[No Variations]"
Added Component: Designator=S2(it-1187)
Add component (AddParameter): Name = "Name"; Value = "IT-1187"; VariantName = "[No Variations]"
Added Component: Designator=VD1(SOD128)
Add component (AddParameter): Name = "Manufacturer"; Value = "NXP"; VariantName = "[No Variations]"
Add component (AddParameter): Name = "Name"; Value = "PMEG3050EP"; VariantName = "[No Variations]"
Added Component: Designator=X1(USB4105-15-A-120)
Add component (AddParameter): Name = "Contact_1"; Value = "SBU2"; VariantName = "[No Variations]"
Add component (AddParameter): Name = "Contact_2"; Value = "CC1"; VariantName = "[No Variations]"
Add component (AddParameter): Name = "Contact_3"; Value = "Dn2"; VariantName = "[No Variations]"
Add component (AddParameter): Name = "Contact_4"; Value = "Dp1"; VariantName = "[No Variations]"
Add component (AddParameter): Name = "Contact_5"; Value = "Dn1"; VariantName = "[No Variations]"
Add component (AddParameter): Name = "Contact_6"; Value = "Dp2"; VariantName = "[No Variations]"
Add component (AddParameter): Name = "Contact_7"; Value = "SBU1"; VariantName = "[No Variations]"
Add component (AddParameter): Name = "Contact_8"; Value = "CC2"; VariantName = "[No Variations]"
Add component (AddParameter): Name = "Contact_9"; Value = "VCC"; VariantName = "[No Variations]"
Add component (AddParameter): Name = "Contact_10"; Value = "GND"; VariantName = "[No Variations]"
Add component (AddParameter): Name = "Name"; Value = "USB Type-C"; VariantName = "[No Variations]"
Added Component: Designator=X2(IDC_8)
Add component (AddParameter): Name = "Contact_1"; Value = "Contact_1"; VariantName = "[No Variations]"
Add component (AddParameter): Name = "Contact_2"; Value = "Contact_2"; VariantName = "[No Variations]"
Add component (AddParameter): Name = "Contact_3"; Value = "Contact_3"; VariantName = "[No Variations]"
Add component (AddParameter): Name = "Contact_4"; Value = "Contact_4"; VariantName = "[No Variations]"
Add component (AddParameter): Name = "Contact_5"; Value = "Contact_5"; VariantName = "[No Variations]"
Add component (AddParameter): Name = "Contact_6"; Value = "Contact_6"; VariantName = "[No Variations]"
Add component (AddParameter): Name = "Contact_7"; Value = "Contact_7"; VariantName = "[No Variations]"
Add component (AddParameter): Name = "Contact_8"; Value = "Contact_8"; VariantName = "[No Variations]"
Add component (AddParameter): Name = "Contact_9"; Value = "Contact_9"; VariantName = "[No Variations]"
Add component (AddParameter): Name = "Contact_10"; Value = "Contact_10"; VariantName = "[No Variations]"
Add component (AddParameter): Name = "Наименование"; Value = "IDC_10"; VariantName = "[No Variations]"
Added Component: Designator=X3(IDC_14)
Add component (AddParameter): Name = "Contact_1"; Value = "+5В"; VariantName = "[No Variations]"
Add component (AddParameter): Name = "Contact_2"; Value = "GND"; VariantName = "[No Variations]"
Add component (AddParameter): Name = "Contact_3"; Value = "ENC_A"; VariantName = "[No Variations]"
Add component (AddParameter): Name = "Contact_4"; Value = "ENC_B"; VariantName = "[No Variations]"
Add component (AddParameter): Name = "Contact_5"; Value = "ENC_BTN"; VariantName = "[No Variations]"
Add component (AddParameter): Name = "Contact_6"; Value = "BTN_PWR"; VariantName = "[No Variations]"
Add component (AddParameter): Name = "Contact_7"; Value = "BTN_RPI"; VariantName = "[No Variations]"
Add component (AddParameter): Name = "Contact_8"; Value = "DISP_DIN"; VariantName = "[No Variations]"
Add component (AddParameter): Name = "Contact_9"; Value = "DISP_CLK"; VariantName = "[No Variations]"
Add component (AddParameter): Name = "Contact_10"; Value = "DISP_CS"; VariantName = "[No Variations]"
Add component (AddParameter): Name = "Contact_11"; Value = "DISP_DS"; VariantName = "[No Variations]"
Add component (AddParameter): Name = "Contact_12"; Value = "DISP_RST"; VariantName = "[No Variations]"
Add component (AddParameter): Name = "Contact_13"; Value = "LD_TX"; VariantName = "[No Variations]"
Add component (AddParameter): Name = "Contact_14"; Value = "LD_PWR"; VariantName = "[No Variations]"
Add component (AddParameter): Name = "Наименование"; Value = "IDC_14"; VariantName = "[No Variations]"
Added Component: Designator=X4(IDC_14)
Add component (AddParameter): Name = "Contact_1"; Value = "+3,3В"; VariantName = "[No Variations]"
Add component (AddParameter): Name = "Contact_2"; Value = "+5В"; VariantName = "[No Variations]"
Add component (AddParameter): Name = "Contact_3"; Value = "GND"; VariantName = "[No Variations]"
Add component (AddParameter): Name = "Contact_4"; Value = "GND"; VariantName = "[No Variations]"
Add component (AddParameter): Name = "Contact_5"; Value = "GND"; VariantName = "[No Variations]"
Add component (AddParameter): Name = "Contact_6"; Value = "LED_DIN"; VariantName = "[No Variations]"
Add component (AddParameter): Name = "Contact_7"; Value = "SCL"; VariantName = "[No Variations]"
Add component (AddParameter): Name = "Contact_8"; Value = "SDA"; VariantName = "[No Variations]"
Add component (AddParameter): Name = "Contact_9"; Value = "VL1_INT"; VariantName = "[No Variations]"
Add component (AddParameter): Name = "Contact_10"; Value = "VL1_LPn"; VariantName = "[No Variations]"
Add component (AddParameter): Name = "Contact_11"; Value = "VL2_INT"; VariantName = "[No Variations]"
Add component (AddParameter): Name = "Contact_12"; Value = "VL2_LPn"; VariantName = "[No Variations]"
Add component (AddParameter): Name = "Contact_13"; Value = "VL3_INT"; VariantName = "[No Variations]"
Add component (AddParameter): Name = "Contact_14"; Value = "VL3_LPn"; VariantName = "[No Variations]"
Add component (AddParameter): Name = "Contact_15"; Value = "VL4_INT"; VariantName = "[No Variations]"
Add component (AddParameter): Name = "Contact_16"; Value = "VL4_LPn"; VariantName = "[No Variations]"
Add component (AddParameter): Name = "Contact_17"; Value = "VL5_INT"; VariantName = "[No Variations]"
Add component (AddParameter): Name = "Contact_18"; Value = "VL5_LPn"; VariantName = "[No Variations]"
Add component (AddParameter): Name = "Contact_19"; Value = "VL6_INT"; VariantName = "[No Variations]"
Add component (AddParameter): Name = "Contact_20"; Value = "VL6_LPn"; VariantName = "[No Variations]"
Add component (AddParameter): Name = "Наименование"; Value = "IDC_20"; VariantName = "[No Variations]"
Added Component: Designator=X5(pls-2,54-3-tht-v)
Add component (AddParameter): Name = "Contact_1"; Value = "SIGNAL"; VariantName = "[No Variations]"
Add component (AddParameter): Name = "Contact_2"; Value = "+5В"; VariantName = "[No Variations]"
Add component (AddParameter): Name = "Contact_3"; Value = "GND"; VariantName = "[No Variations]"
Add component (AddParameter): Name = "Name"; Value = "PLS 3"; VariantName = "[No Variations]"
Added Pin To Net: NetName=+3,3В Pin=C1-2
Added Pin To Net: NetName=+3,3В Pin=C2-2
Added Pin To Net: NetName=+3,3В Pin=R1-2
Added Pin To Net: NetName=+3,3В Pin=R2-2
Added Pin To Net: NetName=+3,3В Pin=X2-1
Added Pin To Net: NetName=+3,3В Pin=X4-1
Added Net: Name=+3,3В
Added Pin To Net: NetName=+5В Pin=VD1-1
Added Pin To Net: NetName=+5В Pin=X2-2
Added Pin To Net: NetName=+5В Pin=X3-1
Added Pin To Net: NetName=+5В Pin=X4-2
Added Pin To Net: NetName=+5В Pin=X5-2
Added Net: Name=+5В
Added Pin To Net: NetName=+5В_RPI Pin=C4-1
Added Pin To Net: NetName=+5В_RPI Pin=C5-1
Added Pin To Net: NetName=+5В_RPI Pin=X2-3
Added Pin To Net: NetName=+5В_RPI Pin=X2-4
Added Net: Name=+5В_RPI
Added Pin To Net: NetName=BTN_PWR Pin=X2-7
Added Pin To Net: NetName=BTN_PWR Pin=X3-6
Added Net: Name=BTN_PWR
Added Pin To Net: NetName=GND Pin=C1-1
Added Pin To Net: NetName=GND Pin=C2-1
Added Pin To Net: NetName=GND Pin=C3-1
Added Pin To Net: NetName=GND Pin=C4-2
Added Pin To Net: NetName=GND Pin=C5-2
Added Pin To Net: NetName=GND Pin=R1-1
Added Pin To Net: NetName=GND Pin=R3-1
Added Pin To Net: NetName=GND Pin=R4-1
Added Pin To Net: NetName=GND Pin=S1-1
Added Pin To Net: NetName=GND Pin=S1-1
Added Pin To Net: NetName=GND Pin=S2-1
Added Pin To Net: NetName=GND Pin=S2-1
Added Pin To Net: NetName=GND Pin=S2-2
Added Pin To Net: NetName=GND Pin=S2-2
Added Pin To Net: NetName=GND Pin=X1-10
Added Pin To Net: NetName=GND Pin=X1-10
Added Pin To Net: NetName=GND Pin=X1-TP
Added Pin To Net: NetName=GND Pin=X1-TP
Added Pin To Net: NetName=GND Pin=X1-TP
Added Pin To Net: NetName=GND Pin=X1-TP
Added Pin To Net: NetName=GND Pin=X2-5
Added Pin To Net: NetName=GND Pin=X2-6
Added Pin To Net: NetName=GND Pin=X3-2
Added Pin To Net: NetName=GND Pin=X4-3
Added Pin To Net: NetName=GND Pin=X4-4
Added Pin To Net: NetName=GND Pin=X4-5
Added Pin To Net: NetName=GND Pin=X5-3
Added Net: Name=GND
Added Pin To Net: NetName=MCU_BAT_MEASURE Pin=X2-7
Added Net: Name=MCU_BAT_MEASURE
Added Pin To Net: NetName=MCU_I2C_PERIPH_SCL Pin=X4-7
Added Net: Name=MCU_I2C_PERIPH_SCL
Added Pin To Net: NetName=MCU_I2C_PERIPH_SDA Pin=X4-7
Added Net: Name=MCU_I2C_PERIPH_SDA
Added Net: Name=MCU_IMU_INT
Added Pin To Net: NetName=MCU_IMU_UART0_RX Pin=1-1
Added Net: Name=MCU_IMU_UART0_RX
Added Net: Name=MCU_IMU_UART0_TX
Added Pin To Net: NetName=MCU_LED_STRIP_DIN Pin=X4-6
Added Net: Name=MCU_LED_STRIP_DIN
Added Net: Name=MCU_LED_STRIP_SIGNAL
Added Net: Name=MCU_LIGHT_SENSOR_SIGNAL
Added Pin To Net: NetName=MCU_MOTORS_UART2_RX Pin=X2-7
Added Net: Name=MCU_MOTORS_UART2_RX
Added Pin To Net: NetName=MCU_MOTORS_UART2_TX Pin=X2-7
Added Net: Name=MCU_MOTORS_UART2_TX
Added Net: Name=MCU_PERIPH_SCL
Added Net: Name=MCU_PERIPH_SDA
Added Net: Name=MCU_RPI_UART_RX
Added Net: Name=MCU_RPI_UART_TX
Added Pin To Net: NetName=MCU_SERVO_SIGNAL Pin=X5-1
Added Net: Name=MCU_SERVO_SIGNAL
Added Net: Name=MCU_SWITCH_BL
Added Net: Name=MCU_SWITCH_BR
Added Net: Name=MCU_SWITCH_FL
Added Net: Name=MCU_SWITCH_FR
Added Pin To Net: NetName=MCU_USB_D- Pin=X1-3
Added Pin To Net: NetName=MCU_USB_D- Pin=X1-5
Added Net: Name=MCU_USB_D-
Added Pin To Net: NetName=MCU_USB_D+ Pin=X1-4
Added Pin To Net: NetName=MCU_USB_D+ Pin=X1-6
Added Net: Name=MCU_USB_D+
Added Pin To Net: NetName=MCU_VL1_INT Pin=X4-7
Added Net: Name=MCU_VL1_INT
Added Pin To Net: NetName=MCU_VL1_LPn Pin=X4-7
Added Net: Name=MCU_VL1_LPn
Added Pin To Net: NetName=MCU_VL2_INT Pin=X4-7
Added Net: Name=MCU_VL2_INT
Added Pin To Net: NetName=MCU_VL2_LPn Pin=X4-7
Added Net: Name=MCU_VL2_LPn
Added Pin To Net: NetName=MCU_VL3_INT Pin=X4-7
Added Net: Name=MCU_VL3_INT
Added Pin To Net: NetName=MCU_VL3_LPn Pin=X4-7
Added Net: Name=MCU_VL3_LPn
Added Pin To Net: NetName=MCU_VL4_INT Pin=X4-7
Added Net: Name=MCU_VL4_INT
Added Pin To Net: NetName=MCU_VL4_LPn Pin=X4-7
Added Net: Name=MCU_VL4_LPn
Added Pin To Net: NetName=MCU_VL5_INT Pin=X4-7
Added Net: Name=MCU_VL5_INT
Added Pin To Net: NetName=MCU_VL5_LPn Pin=X4-7
Added Net: Name=MCU_VL5_LPn
Added Pin To Net: NetName=MCU_VL6_INT Pin=X4-7
Added Net: Name=MCU_VL6_INT
Added Pin To Net: NetName=MCU_VL6_LPn Pin=X4-7
Added Net: Name=MCU_VL6_LPn
Added Pin To Net: NetName=NetC3_2 Pin=C3-2
Added Pin To Net: NetName=NetC3_2 Pin=R2-1
Added Pin To Net: NetName=NetC3_2 Pin=S1-2
Added Pin To Net: NetName=NetC3_2 Pin=S1-2
Added Net: Name=NetC3_2
Added Pin To Net: NetName=NetR3_2 Pin=R3-2
Added Pin To Net: NetName=NetR3_2 Pin=X1-8
Added Net: Name=NetR3_2
Added Pin To Net: NetName=NetR4_2 Pin=R4-2
Added Pin To Net: NetName=NetR4_2 Pin=X1-2
Added Net: Name=NetR4_2
Added Pin To Net: NetName=NetVD1_2 Pin=VD1-2
Added Pin To Net: NetName=NetVD1_2 Pin=X1-9
Added Pin To Net: NetName=NetVD1_2 Pin=X1-9
Added Net: Name=NetVD1_2
Added Pin To Net: NetName=RPI_BTN Pin=X3-7
Added Net: Name=RPI_BTN
Added Pin To Net: NetName=RPI_DSP_CLK Pin=X3-7
Added Net: Name=RPI_DSP_CLK
Added Pin To Net: NetName=RPI_DSP_CS Pin=X3-7
Added Net: Name=RPI_DSP_CS
Added Pin To Net: NetName=RPI_DSP_DIN Pin=X3-7
Added Net: Name=RPI_DSP_DIN
Added Pin To Net: NetName=RPI_DSP_DS Pin=X3-7
Added Net: Name=RPI_DSP_DS
Added Pin To Net: NetName=RPI_DSP_RST Pin=X3-7
Added Net: Name=RPI_DSP_RST
Added Pin To Net: NetName=RPI_ENC_A Pin=X3-3
Added Net: Name=RPI_ENC_A
Added Pin To Net: NetName=RPI_ENC_B Pin=X3-4
Added Net: Name=RPI_ENC_B
Added Pin To Net: NetName=RPI_ENC_BTN Pin=X3-5
Added Net: Name=RPI_ENC_BTN
Added Pin To Net: NetName=RPI_LD_PWM Pin=X3-7
Added Net: Name=RPI_LD_PWM
Added Pin To Net: NetName=RPI_LD_TX Pin=X3-7
Added Net: Name=RPI_LD_TX
Added Net: Name=RPI_MCU_UART1_RX
Added Pin To Net: NetName=RPI_MCU_UART1_TX Pin=2-1
Added Net: Name=RPI_MCU_UART1_TX
Added Class: Name=TSE_mother_board_CPU_commutation
Added Class: Name=TSE_mother_board_MCU
Added Class: Name=TSE_mother_board_periph_commutation
Added Rule: Name=Schematic Supply Nets
Added Rule: Name=Schematic Supply Nets_1
Added Rule: Name=Schematic Supply Nets_2
Added Rule: Name=Schematic Supply Nets_3
