Removed Pin From Net: NetName=+3,3Â Pin=DD1-1
Removed Pin From Net: NetName=GND Pin=DD1-2
Removed Pin From Net: NetName=MCU_MOTORS_UART2_TX Pin=DD1-7
Removed Pin From Net: NetName=MCU_LED_STRIP_SIGNAL Pin=DD1-9
Removed Pin From Net: NetName=MCU_SERVO_SIGNAL Pin=DD1-10
Removed Pin From Net: NetName=MCU_LIGHT_SENSOR_SIGNAL Pin=DD1-11
Removed Pin From Net: NetName=MCU_MOTORS_UART2_RX Pin=DD1-12
Removed Pin From Net: NetName=MCU_IMU_UART0_RX Pin=DD1-15
Removed Pin From Net: NetName=MCU_VL6_INT Pin=DD1-16
Removed Pin From Net: NetName=MCU_SWITCH_FL Pin=DD1-17
Removed Pin From Net: NetName=MCU_SWITCH_FR Pin=DD1-18
Removed Pin From Net: NetName=MCU_SWITCH_BL Pin=DD1-19
Removed Pin From Net: NetName=MCU_SWITCH_BR Pin=DD1-21
Removed Pin From Net: NetName=MCU_IMU_INT Pin=DD1-23
Removed Pin From Net: NetName=MCU_PERIPH_SCL Pin=DD1-24
Removed Pin From Net: NetName=MCU_VL5_INT Pin=DD1-26
Removed Pin From Net: NetName=MCU_VL1_LPn Pin=DD1-28
Removed Pin From Net: NetName=MCU_VL2_LPn Pin=DD1-29
Removed Pin From Net: NetName=MCU_VL3_LPn Pin=DD1-30
Removed Pin From Net: NetName=MCU_VL4_LPn Pin=DD1-31
Removed Pin From Net: NetName=MCU_VL5_LPn Pin=DD1-32
Removed Pin From Net: NetName=MCU_VL6_LPn Pin=DD1-33
Removed Pin From Net: NetName=MCU_VL1_INT Pin=DD1-34
Removed Pin From Net: NetName=MCU_VL2_INT Pin=DD1-35
Removed Pin From Net: NetName=MCU_VL4_INT Pin=DD1-36
Removed Pin From Net: NetName=MCU_VL3_INT Pin=DD1-37
Removed Pin From Net: NetName=MCU_IMU_UART0_TX Pin=DD1-39
Removed Pin From Net: NetName=MCU_IMU_UART0_TX Pin=TP1-1
Removed Pin From Net: NetName=MCU_IMU_UART0_RX Pin=TP2-1
Added Pin To Net: NetName=+3,3Â Pin=DD1-2
Added Pin To Net: NetName=MCU_VL1_INT Pin=DD1-7
Added Pin To Net: NetName=MCU_VL1_LPn Pin=DD1-9
Added Pin To Net: NetName=MCU_VL2_INT Pin=DD1-10
Added Pin To Net: NetName=MCU_VL2_LPn Pin=DD1-11
Added Pin To Net: NetName=MCU_VL3_INT Pin=DD1-12
Added Pin To Net: NetName=MCU_VL3_LPn Pin=DD1-15
Added Pin To Net: NetName=MCU_VL4_INT Pin=DD1-16
Added Pin To Net: NetName=MCU_VL4_LPn Pin=DD1-17
Added Pin To Net: NetName=MCU_VL5_INT Pin=DD1-21
Added Pin To Net: NetName=MCU_VL5_LPn Pin=DD1-22
Added Pin To Net: NetName=MCU_VL6_INT Pin=DD1-23
Added Pin To Net: NetName=MCU_VL6_LPn Pin=DD1-24
Added Pin To Net: NetName=MCU_PERIPH_SCL Pin=DD1-39
Added Pin To Net: NetName=GND Pin=DD1-40
Added Pin To Net: NetName=RPI_MCU_UART1_TX Pin=TP1-1
Added Pin To Net: NetName=RPI_MCU_UART1_RX Pin=TP2-1
Added Rule: Name=Schematic Supply Nets
Added Rule: Name=Schematic Supply Nets_1
Added Rule: Name=Schematic Supply Nets_2
Added Rule: Name=Schematic Supply Nets_3
