Added Pin To Net: NetName=+3,3Â Pin=DD1-1
Added Pin To Net: NetName=GND Pin=DD1-2
Added Pin To Net: NetName=NetC1_2 Pin=DD1-3
Added Pin To Net: NetName=RPI_MCU_UART1_TX Pin=DD1-4
Added Pin To Net: NetName=RPI_MCU_UART1_RX Pin=DD1-6
Added Pin To Net: NetName=MCU_MOTORS_UART2_TX Pin=DD1-7
Added Pin To Net: NetName=MCU_LED_STRIP_SIGNAL Pin=DD1-9
Added Pin To Net: NetName=MCU_SERVO_SIGNAL Pin=DD1-10
Added Pin To Net: NetName=MCU_LIGHT_SENSOR_SIGNAL Pin=DD1-11
Added Pin To Net: NetName=MCU_MOTORS_UART2_RX Pin=DD1-12
Added Pin To Net: NetName=MCU_USB_D- Pin=DD1-13
Added Pin To Net: NetName=MCU_USB_D+ Pin=DD1-14
Added Pin To Net: NetName=MCU_IMU_UART0_RX Pin=DD1-15
Added Pin To Net: NetName=MCU_VL6_INT Pin=DD1-16
Added Pin To Net: NetName=MCU_SWITCH_FL Pin=DD1-17
Added Pin To Net: NetName=MCU_SWITCH_FR Pin=DD1-18
Added Pin To Net: NetName=MCU_SWITCH_BL Pin=DD1-19
Added Pin To Net: NetName=MCU_SWITCH_BR Pin=DD1-21
Added Pin To Net: NetName=MCU_IMU_INT Pin=DD1-23
Added Pin To Net: NetName=MCU_PERIPH_SCL Pin=DD1-24
Added Pin To Net: NetName=MCU_PERIPH_SDA Pin=DD1-25
Added Pin To Net: NetName=MCU_VL5_INT Pin=DD1-26
Added Pin To Net: NetName=GND Pin=DD1-27
Added Pin To Net: NetName=MCU_VL1_LPn Pin=DD1-28
Added Pin To Net: NetName=MCU_VL2_LPn Pin=DD1-29
Added Pin To Net: NetName=MCU_VL3_LPn Pin=DD1-30
Added Pin To Net: NetName=MCU_VL4_LPn Pin=DD1-31
Added Pin To Net: NetName=MCU_VL5_LPn Pin=DD1-32
Added Pin To Net: NetName=MCU_VL6_LPn Pin=DD1-33
Added Pin To Net: NetName=MCU_VL1_INT Pin=DD1-34
Added Pin To Net: NetName=MCU_VL2_INT Pin=DD1-35
Added Pin To Net: NetName=MCU_VL4_INT Pin=DD1-36
Added Pin To Net: NetName=MCU_VL3_INT Pin=DD1-37
Added Pin To Net: NetName=MCU_IMU_UART0_TX Pin=DD1-39
Added Pin To Net: NetName=GND Pin=DD1-41
Added Pin To Net: NetName=GND Pin=DD1-41
Added Pin To Net: NetName=GND Pin=DD1-41
Added Pin To Net: NetName=GND Pin=DD1-41
Added Pin To Net: NetName=GND Pin=DD1-41
Added Pin To Net: NetName=GND Pin=DD1-41
Added Pin To Net: NetName=GND Pin=DD1-41
Added Pin To Net: NetName=GND Pin=DD1-41
Added Pin To Net: NetName=GND Pin=DD1-41
