Removed Pin From Net: NetName=BTN_PWR+ Pin=X3-8
Removed Pin From Net: NetName=BTN_PWR- Pin=X3-9
Removed Pin From Net: NetName=RPI_LD_TX Pin=X3-15
Removed Pin From Net: NetName=RPI_LD_PWM Pin=X3-16
Change component parameters: Designator = "X3" ("X3"); Footprint = "IDC1.27_16"; UniqueID = "\YZWLUACR" ("\YZWLUACR")
Change component parameters (AddParameter): Name = "Contact_1"; Value = "+5В"; VariantName = "[No Variations]"
Change component parameters (AddParameter): Name = "Contact_2"; Value = "GND"; VariantName = "[No Variations]"
Change component parameters (AddParameter): Name = "Contact_3"; Value = "GND"; VariantName = "[No Variations]"
Change component parameters (AddParameter): Name = "Contact_4"; Value = "ENC_A"; VariantName = "[No Variations]"
Change component parameters (AddParameter): Name = "Contact_5"; Value = "ENC_B"; VariantName = "[No Variations]"
Change component parameters (AddParameter): Name = "Contact_6"; Value = "ENC_BTN"; VariantName = "[No Variations]"
Change component parameters (AddParameter): Name = "Contact_7"; Value = "RPI_BTN"; VariantName = "[No Variations]"
Change component parameters (AddParameter): Name = "Contact_8"; Value = "DISP_DIN"; VariantName = "[No Variations]"
Change component parameters (AddParameter): Name = "Contact_9"; Value = "DISP_CLK"; VariantName = "[No Variations]"
Change component parameters (AddParameter): Name = "Contact_10"; Value = "DISP_CS"; VariantName = "[No Variations]"
Change component parameters (AddParameter): Name = "Contact_11"; Value = "DISP_DS"; VariantName = "[No Variations]"
Change component parameters (AddParameter): Name = "Contact_12"; Value = "DISP_RST"; VariantName = "[No Variations]"
Change component parameters (AddParameter): Name = "Contact_13"; Value = "LD_TX"; VariantName = "[No Variations]"
Change component parameters (AddParameter): Name = "Contact_14"; Value = "LD_PWR"; VariantName = "[No Variations]"
Change component parameters (AddParameter): Name = "Contact_15"; Value = "BTN_PWR+"; VariantName = "[No Variations]"
Change component parameters (AddParameter): Name = "Contact_16"; Value = "BTN_PWR-"; VariantName = "[No Variations]"
Change component parameters (AddParameter): Name = "Наименование"; Value = "IDC_16"; VariantName = "[No Variations]"
Added Pin To Net: NetName=RPI_LD_TX Pin=X3-13
Added Pin To Net: NetName=RPI_LD_PWM Pin=X3-14
Added Pin To Net: NetName=BTN_PWR+ Pin=X3-15
Added Pin To Net: NetName=BTN_PWR- Pin=X3-16
Added Pin To Net: NetName=RPI_DISP_CLK Pin=A1-10
Added Pin To Net: NetName=RPI_DISP_CLK Pin=X3-9
Added Net: Name=RPI_DISP_CLK
Added Pin To Net: NetName=RPI_DISP_CS Pin=A1-11
Added Pin To Net: NetName=RPI_DISP_CS Pin=X3-10
Added Net: Name=RPI_DISP_CS
Added Pin To Net: NetName=RPI_DISP_DIN Pin=A1-8
Added Pin To Net: NetName=RPI_DISP_DIN Pin=X3-8
Added Net: Name=RPI_DISP_DIN
Added Pin To Net: NetName=RPI_DISP_DS Pin=A1-12
Added Pin To Net: NetName=RPI_DISP_DS Pin=X3-11
Added Net: Name=RPI_DISP_DS
Added Pin To Net: NetName=RPI_DISP_RST Pin=A1-13
Added Pin To Net: NetName=RPI_DISP_RST Pin=X3-12
Added Net: Name=RPI_DISP_RST
