Removed Pin From Net: NetName=RPI_BTN Pin=A1-3
Removed Pin From Net: NetName=RPI_LD_PWM Pin=A1-5
Removed Pin From Net: NetName=RPI_BAT_MEASURE Pin=A1-7
Removed Pin From Net: NetName=RPI_DISP_DIN Pin=A1-8
Removed Pin From Net: NetName=RPI_DISP_CLK Pin=A1-10
Removed Pin From Net: NetName=RPI_DISP_DS Pin=A1-12
Removed Pin From Net: NetName=RPI_DISP_RST Pin=A1-13
Removed Pin From Net: NetName=RPI_LATCH_SIGNAL Pin=A1-15
Removed Pin From Net: NetName=RPI_ENC_A Pin=A1-16
Removed Pin From Net: NetName=RPI_ENC_B Pin=A1-18
Removed Pin From Net: NetName=RPI_ENC_BTN Pin=A1-19
Removed Pin From Net: NetName=RPI_MCU_UART0_TX Pin=A1-22
Removed Pin From Net: NetName=RPI_MCU_UART0_RX Pin=A1-23
Added Pin To Net: NetName=RPI_DISP_DIN Pin=A1-3
Added Pin To Net: NetName=RPI_ENC_BTN Pin=A1-5
Added Pin To Net: NetName=RPI_ENC_A Pin=A1-7
Added Pin To Net: NetName=RPI_BTN Pin=A1-8
Added Pin To Net: NetName=RPI_ENC_B Pin=A1-10
Added Pin To Net: NetName=RPI_DISP_CLK Pin=A1-12
Added Pin To Net: NetName=RPI_DISP_DS Pin=A1-13
Added Pin To Net: NetName=RPI_LD_TX Pin=A1-15
Added Pin To Net: NetName=RPI_DISP_RST Pin=A1-16
Added Pin To Net: NetName=RPI_LD_PWM Pin=A1-18
Added Pin To Net: NetName=RPI_LATCH_SIGNAL Pin=A1-19
Added Pin To Net: NetName=RPI_MCU_UART0_TX Pin=A1-21
Added Pin To Net: NetName=RPI_MCU_UART0_RX Pin=A1-22
Added Pin To Net: NetName=RPI_BAT_MEASURE Pin=A1-23
