Removed Pin From Net: NetName=+3,3ֲ Pin=X7-1
Removed Pin From Net: NetName=+5ֲ Pin=X7-2
Removed Member From Class: ClassName=TSE_mother_board_MCU Member=C1
Removed Member From Class: ClassName=TSE_mother_board_MCU Member=R1
Removed Member From Class: ClassName=TSE_mother_board_MCU Member=X3
Change component parameters: Designator = "X7" ("X7"); Footprint = "IDC1.27_26"; UniqueID = "\ZRCLSSWR" ("\ZRCLSSWR")
Change component parameters (AddParameter): Name = "Contact_1"; Value = "+5ֲ"; VariantName = "[No Variations]"
Change component parameters (AddParameter): Name = "Contact_2"; Value = "+3,3ֲ"; VariantName = "[No Variations]"
Change component parameters (AddParameter): Name = "Contact_3"; Value = "GND"; VariantName = "[No Variations]"
Change component parameters (AddParameter): Name = "Contact_4"; Value = "GND"; VariantName = "[No Variations]"
Change component parameters (AddParameter): Name = "Contact_5"; Value = "GND"; VariantName = "[No Variations]"
Change component parameters (AddParameter): Name = "Contact_6"; Value = "GND"; VariantName = "[No Variations]"
Change component parameters (AddParameter): Name = "Contact_7"; Value = "GND"; VariantName = "[No Variations]"
Change component parameters (AddParameter): Name = "Contact_8"; Value = "LED_DIN"; VariantName = "[No Variations]"
Change component parameters (AddParameter): Name = "Contact_9"; Value = "SWITCH_FL"; VariantName = "[No Variations]"
Change component parameters (AddParameter): Name = "Contact_10"; Value = "SWITCH_FR"; VariantName = "[No Variations]"
Change component parameters (AddParameter): Name = "Contact_11"; Value = "SWITCH_BL"; VariantName = "[No Variations]"
Change component parameters (AddParameter): Name = "Contact_12"; Value = "SWITCH_BR"; VariantName = "[No Variations]"
Change component parameters (AddParameter): Name = "Contact_13"; Value = "SCL"; VariantName = "[No Variations]"
Change component parameters (AddParameter): Name = "Contact_14"; Value = "SDA"; VariantName = "[No Variations]"
Change component parameters (AddParameter): Name = "Contact_15"; Value = "VL1_INT"; VariantName = "[No Variations]"
Change component parameters (AddParameter): Name = "Contact_16"; Value = "VL1_LPn"; VariantName = "[No Variations]"
Change component parameters (AddParameter): Name = "Contact_17"; Value = "VL2_INT"; VariantName = "[No Variations]"
Change component parameters (AddParameter): Name = "Contact_18"; Value = "VL2_LPn"; VariantName = "[No Variations]"
Change component parameters (AddParameter): Name = "Contact_19"; Value = "VL3_INT"; VariantName = "[No Variations]"
Change component parameters (AddParameter): Name = "Contact_20"; Value = "VL3_LPn"; VariantName = "[No Variations]"
Change component parameters (AddParameter): Name = "Contact_21"; Value = "VL4_INT"; VariantName = "[No Variations]"
Change component parameters (AddParameter): Name = "Contact_22"; Value = "VL4_LPn"; VariantName = "[No Variations]"
Change component parameters (AddParameter): Name = "Contact_23"; Value = "VL5_INT"; VariantName = "[No Variations]"
Change component parameters (AddParameter): Name = "Contact_24"; Value = "VL5_LPn"; VariantName = "[No Variations]"
Change component parameters (AddParameter): Name = "Contact_25"; Value = "VL6_INT"; VariantName = "[No Variations]"
Change component parameters (AddParameter): Name = "Contact_26"; Value = "VL6_LPn"; VariantName = "[No Variations]"
Change component parameters (AddParameter): Name = "ֽאטלוםמגאםטו"; Value = "IDC_26"; VariantName = "[No Variations]"
Added Pin To Net: NetName=+5ֲ Pin=X7-1
Added Pin To Net: NetName=+3,3ֲ Pin=X7-2
Added Member To Class: ClassName=TSE_mother_board_CPU_commutation Member=Component C2 10לך
Added Member To Class: ClassName=TSE_mother_board_CPU_commutation Member=Component C3 10לך
Added Member To Class: ClassName=TSE_mother_board_MCU Member=Component C4 0,1לך
Added Member To Class: ClassName=TSE_mother_board_MCU Member=Component C5 0,1לך
Added Member To Class: ClassName=TSE_mother_board_MCU Member=Component C6 0,1לך
Added Member To Class: ClassName=TSE_mother_board_MCU Member=Component R3 5,1ך
Added Member To Class: ClassName=TSE_mother_board_MCU Member=Component R4 10ך
Added Member To Class: ClassName=TSE_mother_board_MCU Member=Component R5 10ך
Added Member To Class: ClassName=TSE_mother_board_CPU_commutation Member=Component X1 JST-S02B-PASK-2
Added Member To Class: ClassName=TSE_mother_board_MCU Member=Component X4 USB Type-C
