Removed Pin From Net: NetName=+5В Pin=X2-1
Removed Pin From Net: NetName=+3,3В Pin=X2-2
Removed Pin From Net: NetName=+5В Pin=X7-1
Removed Pin From Net: NetName=+3,3В Pin=X7-2
Change component parameters: Designator = "X2" ("X2"); Footprint = "IDC1.27_14"; UniqueID = "\WGWFHGBA" ("\WGWFHGBA")
Change component parameters (AddParameter): Name = "Contact_1"; Value = "+3,3В"; VariantName = "[No Variations]"
Change component parameters (AddParameter): Name = "Contact_2"; Value = "+5В"; VariantName = "[No Variations]"
Change component parameters (AddParameter): Name = "Contact_3"; Value = "+5В_RPI"; VariantName = "[No Variations]"
Change component parameters (AddParameter): Name = "Contact_4"; Value = "+5В_RPI"; VariantName = "[No Variations]"
Change component parameters (AddParameter): Name = "Contact_5"; Value = "+5В_RPI"; VariantName = "[No Variations]"
Change component parameters (AddParameter): Name = "Contact_6"; Value = "GND"; VariantName = "[No Variations]"
Change component parameters (AddParameter): Name = "Contact_7"; Value = "GND"; VariantName = "[No Variations]"
Change component parameters (AddParameter): Name = "Contact_8"; Value = "GND"; VariantName = "[No Variations]"
Change component parameters (AddParameter): Name = "Contact_9"; Value = "GND"; VariantName = "[No Variations]"
Change component parameters (AddParameter): Name = "Contact_10"; Value = "BTN_PWR+"; VariantName = "[No Variations]"
Change component parameters (AddParameter): Name = "Contact_11"; Value = "BTN_PWR-"; VariantName = "[No Variations]"
Change component parameters (AddParameter): Name = "Contact_12"; Value = "MOTORS_TX"; VariantName = "[No Variations]"
Change component parameters (AddParameter): Name = "Contact_13"; Value = "MOTORS_RX"; VariantName = "[No Variations]"
Change component parameters (AddParameter): Name = "Contact_14"; Value = "BAT_MEAS"; VariantName = "[No Variations]"
Change component parameters (AddParameter): Name = "Наименование"; Value = "IDC_14"; VariantName = "[No Variations]"
Change component parameters: Designator = "X7" ("X7"); Footprint = "IDC1.27_26"; UniqueID = "\ZRCLSSWR" ("\ZRCLSSWR")
Change component parameters (AddParameter): Name = "Contact_1"; Value = "+3,3В"; VariantName = "[No Variations]"
Change component parameters (AddParameter): Name = "Contact_2"; Value = "+5В"; VariantName = "[No Variations]"
Change component parameters (AddParameter): Name = "Contact_3"; Value = "GND"; VariantName = "[No Variations]"
Change component parameters (AddParameter): Name = "Contact_4"; Value = "GND"; VariantName = "[No Variations]"
Change component parameters (AddParameter): Name = "Contact_5"; Value = "GND"; VariantName = "[No Variations]"
Change component parameters (AddParameter): Name = "Contact_6"; Value = "GND"; VariantName = "[No Variations]"
Change component parameters (AddParameter): Name = "Contact_7"; Value = "GND"; VariantName = "[No Variations]"
Change component parameters (AddParameter): Name = "Contact_8"; Value = "SWITCH_FL"; VariantName = "[No Variations]"
Change component parameters (AddParameter): Name = "Contact_9"; Value = "SWITCH_FR"; VariantName = "[No Variations]"
Change component parameters (AddParameter): Name = "Contact_10"; Value = "SWITCH_BL"; VariantName = "[No Variations]"
Change component parameters (AddParameter): Name = "Contact_11"; Value = "SWITCH_BR"; VariantName = "[No Variations]"
Change component parameters (AddParameter): Name = "Contact_12"; Value = "SCL"; VariantName = "[No Variations]"
Change component parameters (AddParameter): Name = "Contact_13"; Value = "SDA"; VariantName = "[No Variations]"
Change component parameters (AddParameter): Name = "Contact_14"; Value = "LED_DIN"; VariantName = "[No Variations]"
Change component parameters (AddParameter): Name = "Contact_15"; Value = "VL1_INT"; VariantName = "[No Variations]"
Change component parameters (AddParameter): Name = "Contact_16"; Value = "VL1_LPn"; VariantName = "[No Variations]"
Change component parameters (AddParameter): Name = "Contact_17"; Value = "VL2_INT"; VariantName = "[No Variations]"
Change component parameters (AddParameter): Name = "Contact_18"; Value = "VL2_LPn"; VariantName = "[No Variations]"
Change component parameters (AddParameter): Name = "Contact_19"; Value = "VL3_INT"; VariantName = "[No Variations]"
Change component parameters (AddParameter): Name = "Contact_20"; Value = "VL3_LPn"; VariantName = "[No Variations]"
Change component parameters (AddParameter): Name = "Contact_21"; Value = "VL4_INT"; VariantName = "[No Variations]"
Change component parameters (AddParameter): Name = "Contact_22"; Value = "VL4_LPn"; VariantName = "[No Variations]"
Change component parameters (AddParameter): Name = "Contact_23"; Value = "VL5_INT"; VariantName = "[No Variations]"
Change component parameters (AddParameter): Name = "Contact_24"; Value = "VL5_LPn"; VariantName = "[No Variations]"
Change component parameters (AddParameter): Name = "Contact_25"; Value = "VL6_INT"; VariantName = "[No Variations]"
Change component parameters (AddParameter): Name = "Contact_26"; Value = "VL6_LPn"; VariantName = "[No Variations]"
Change component parameters (AddParameter): Name = "Наименование"; Value = "IDC_26"; VariantName = "[No Variations]"
Added Pin To Net: NetName=+3,3В Pin=X2-1
Added Pin To Net: NetName=+5В Pin=X2-2
Added Pin To Net: NetName=+3,3В Pin=X7-1
Added Pin To Net: NetName=+5В Pin=X7-2
Change Net Name : Old Net Name=MCU_I2C_PERIPH_SCL New Net Name=MCU_I2C_PERIPH_SDA
Change Net Name : Old Net Name=MCU_I2C_PERIPH_SDA New Net Name=MCU_LED_STRIP_SIGNAL
Change Net Name : Old Net Name=MCU_LED_STRIP_SIGNAL New Net Name=MCU_SWITCH_FL
Change Net Name : Old Net Name=MCU_SWITCH_BL New Net Name=MCU_SWITCH_BR
Change Net Name : Old Net Name=MCU_SWITCH_BR New Net Name=MCU_I2C_PERIPH_SCL
Change Net Name : Old Net Name=MCU_SWITCH_FL New Net Name=MCU_SWITCH_FR
Change Net Name : Old Net Name=MCU_SWITCH_FR New Net Name=MCU_SWITCH_BL
